<html>
<body>
<pre>
<h1>µVision Build Log</h1>
<h2>Tool Versions:</h2>
IDE-Version: ¦ÌVision V5.40.0.0
Copyright (C) 2024 ARM Ltd and ARM Germany GmbH. All rights reserved.
License Information: 1 1, 1, LIC=QF82M-XJCGS-QDXKD-8LJ3U-HPE1W-IWZ2F
 
Tool Versions:
Toolchain:       MDK-ARM Plus  Version: 5.40.0.3
Toolchain Path:  E:\Software\KEIL\ARM\ARMCC\Bin
C Compiler:      Armcc.exe V5.06 update 7 (build 960)
Assembler:       Armasm.exe V5.06 update 7 (build 960)
Linker/Locator:  ArmLink.exe V5.06 update 7 (build 960)
Library Manager: ArmAr.exe V5.06 update 7 (build 960)
Hex Converter:   FromElf.exe V5.06 update 7 (build 960)
CPU DLL:         SARMCM3.DLL V5.40.0.3
Dialog DLL:      DARMSTM.DLL V1.69.1.0
Target DLL:      CMSIS_AGDI.dll V1.33.18.0
Dialog DLL:      TARMSTM.DLL V1.67.1.0
 
<h2>Project:</h2>
D:\Desktop\project\rtthread-merd\Project\RVMDK£¨uv5£©\Fire_RT-Thread.uvprojx
Project File Date:  06/09/2024

<h2>Output:</h2>
*** Using Compiler 'V5.06 update 7 (build 960)', folder: 'E:\Software\KEIL\ARM\ARMCC\Bin'
Build target 'Fire_RT-Thread'
compiling ipc.c...
compiling device.c...
compiling clock.c...
compiling irq.c...
compiling memheap.c...
compiling components.c...
compiling idle.c...
compiling mem.c...
compiling mempool.c...
compiling kservice.c...
compiling object.c...
compiling scheduler.c...
compiling signal.c...
compiling main.c...
compiling board.c...
compiling cpuport.c...
compiling thread.c...
compiling timer.c...
linking...
Program Size: Code=10054 RO-data=642 RW-data=172 ZI-data=5916  
FromELF: creating hex file...
"..\..\Output\USART.axf" - 0 Error(s), 0 Warning(s).

<h2>Software Packages used:</h2>

Package Vendor: Keil
                https://www.keil.com/pack/Keil.STM32F1xx_DFP.2.4.1.pack
                Keil::STM32F1xx_DFP@2.4.1
                STMicroelectronics STM32F1 Series Device Support, Drivers and Examples

<h2>Collection of Component include folders:</h2>
  E:/Software/KEIL/Keil/STM32F1xx_DFP/2.4.1/Device/Include

<h2>Collection of Component Files used:</h2>
Build Time Elapsed:  00:00:00
</pre>
</body>
</html>
